%!Adobe-FontList 1.20
%Locale:0x409

%BeginFont
Handler:DirectoryHandler
FontType:TrueType
FontName:Abuget
FamilyName:Abuget
StyleName:Regular
FullName:Abuget
MenuName:Abuget
StyleBits:0
WritingScript:Roman
OutlineFileName:C:\Users\kengi\Pictures\Dossier BE BOLD_HOMEPAGE\Document fonts\Abuget.ttf
DataFormat:sfntData
hasSVG:no
VariableFontType:NonVariableFont
FileLength:63904
FileModTime:1599220024
WeightClass:400
WidthClass:5
AngleClass:0
NameArray:0,Mac,4,Abuget
NameArray:0,Win,1,Abuget
%EndFont

%BeginFont
Handler:DirectoryHandler
FontType:TrueType
FontName:Roboto-Regular
FamilyName:Roboto
StyleName:Regular
FullName:Roboto Regular
MenuName:Roboto
StyleBits:0
WritingScript:Roman
OutlineFileName:C:\Users\kengi\Pictures\Dossier BE BOLD_HOMEPAGE\Document fonts\Roboto-Regular.ttf
DataFormat:sfntData
hasSVG:no
VariableFontType:NonVariableFont
FileLength:158604
FileModTime:1599220024
WeightClass:400
WidthClass:5
AngleClass:0
NameArray:0,Mac,18,Roboto Regular
NameArray:0,Mac,4,Roboto Regular
NameArray:0,Win,1,Roboto
%EndFont

%BeginFont
Handler:DirectoryHandler
FontType:Type1
FontName:DINPro-Bold
FamilyName:DINPro
StyleName:Bold
FullName:DINPro-Bold
MenuName:DINPro-Bold
StyleBits:0
WritingScript:Roman
OutlineFileName:C:\Users\kengi\Pictures\Dossier BE BOLD_HOMEPAGE\Document fonts\ufonts.com_dinpro-bold-opentype.otf
DataFormat:sfntData
UsesStandardEncoding:yes
isCFF:yes
hasSVG:no
VariableFontType:NonVariableFont
FileLength:90228
FileModTime:1599220024
WeightClass:700
WidthClass:5
AngleClass:0
NameArray:0,Mac,4,DINPro-Bold
NameArray:0,Win,1,DINPro-Bold
NameArray:0,Win,16,DINPro
%EndFont

%BeginFont
Handler:DirectoryHandler
FontType:Type1
FontName:DINPro-Regular
FamilyName:DINPro
StyleName:Regular
FullName:DINPro-Regular
MenuName:DINPro-Regular
StyleBits:0
WritingScript:Roman
OutlineFileName:C:\Users\kengi\Pictures\Dossier BE BOLD_HOMEPAGE\Document fonts\ufonts.com_dinpro-regular-opentype.otf
DataFormat:sfntData
UsesStandardEncoding:yes
isCFF:yes
hasSVG:no
VariableFontType:NonVariableFont
FileLength:87364
FileModTime:1599220024
WeightClass:400
WidthClass:5
AngleClass:0
NameArray:0,Mac,4,DINPro-Regular
NameArray:0,Win,1,DINPro-Regular
NameArray:0,Win,16,DINPro
%EndFont

